
> build@1.0.0 typecheck
> tsc --noEmit

